[suramericanfood.wordpress.com/index.html]
[backblue.gif]
[fade.gif]
[index.html]
[s2.wp.com/wp-content/mu-plugins/global-print/global-printa1cf.css]
[suramericanfood.wordpress.com/xmlrpc0db0.php]
[s2.wp.com/i/webclip.png]
[suramericanfood.wordpress.com/feed/index.html]
[suramericanfood.wordpress.com/comments/feed/index.html]
[suramericanfood.wordpress.com/osd.xml]
[suramericanfood.files.wordpress.com/2021/02/logo1fabe.png]
[rockfielddemo.files.wordpress.com/2019/08/appetizers-chef-cuisine-1267320-1-1.jpg]
[suramericanfood.wordpress.com/comida-argentina/index.html]
[suramericanfood.files.wordpress.com/2021/02/rfb-2312-2-tacos-1.71c26.delayed]
[suramericanfood.wordpress.com/comida-brasilena/index.html]
[suramericanfood.wordpress.com/comida-ecuatoriana/index.html]
[suramericanfood.wordpress.com/comida-chilena/index.html]
[suramericanfood.wordpress.com/comida-mexicana/index.html]
[suramericanfood.files.wordpress.com/2021/02/tender-abacaxi-farofa1c26.jpg]
[suramericanfood.wordpress.com/comida-peruana/index.html]
[suramericanfood.files.wordpress.com/2021/02/tipos-de-arepa-21c26.jpg]
[suramericanfood.wordpress.com/comida-venezolana/index.html]
[suramericanfood.wordpress.com/mapa-de-google/index.html]
[suramericanfood.files.wordpress.com/2021/02/asado-argentino-parrilla1c26.jpg]
[suramericanfood.wordpress.com/tag/acompanantes/index.html]
[suramericanfood.files.wordpress.com/2021/02/choripan1c26.jpeg]
[suramericanfood.wordpress.com/tag/asados/index.html]
[suramericanfood.wordpress.com/tag/convenio-latino/index.html]
[suramericanfood.files.wordpress.com/2021/02/chicha1c26.jpg]
[suramericanfood.wordpress.com/tag/criolla/index.html]
[suramericanfood.wordpress.com/tag/eumerica/index.html]
[suramericanfood.files.wordpress.com/2021/02/pristinos-600x600-1.jpg]
[suramericanfood.wordpress.com/tag/guisos/index.html]
[suramericanfood.files.wordpress.com/2021/02/pisco_sour_20100613b1c26.jpg]
[suramericanfood.wordpress.com/tag/maritima/index.html]
[0.gravatar.com/js/gprofilesdcb9.js]
[suramericanfood.wordpress.com/tag/navideno/index.html]
[s1.wp.com/wp-content/mu-plugins/gravatar-hovercards/wpgrohodc5c.js]
[suramericanfood.wordpress.com/tag/postre/index.html]
[suramericanfood.wordpress.com/tag/vegetales/index.html]
[suramericanfood.wordpress.com/GET]
[s2.wp.com/i/logo/wpcom-gray-white.png]
[s0.wp.com/wp-content/mu-plugins/actionbar/actionbar2866.css]
[s0.wp.com/wp-content/mu-plugins/actionbar/actionbarb516.js]
[s1.wp.com/wp-content/mu-plugins/jetpack/_inc/blocks/slideshow/viewca3d.css]
[s1.wp.com/wp-includes/js/dist/vendor/lodash.min71ed.js]
[stats.wp.com/w03af.js]
[suramericanfood.wordpress.com/wp-content/plugins/ie-sitemode/custom-jumplist.php]
[pixel.wp.com/b0b80.gif]
[suramericanfood.wordpress.com/index.html]
[suramericanfood.wordpress.com/xmlrpc.php]
[s2.wp.com/wp-content/mu-plugins/global-print/global-printa1cf.css]
[suramericanfood.files.wordpress.com/2021/02/locro_argentino9dfb.jpg]
[suramericanfood.files.wordpress.com/2021/02/asado-argentino-parrilla2dff.jpg]
[suramericanfood.files.wordpress.com/2021/02/dulce-de-leche-argentina2dff.jpg]
[suramericanfood.files.wordpress.com/2021/02/pizza-argentina2dff.jpg]
[suramericanfood.files.wordpress.com/2021/02/chipas_de_argentina2dff.jpg]
[suramericanfood.files.wordpress.com/2021/02/alfajores-argentinos2dff.jpg]
[suramericanfood.files.wordpress.com/2021/02/matambre-arrollado2dff.jpg]
[suramericanfood.files.wordpress.com/2021/02/bombilla-yerba-mate2dff.jpg]
[suramericanfood.wordpress.com/comida-argentina/GET]
[suramericanfood.wordpress.com/comida-argentina/index.html]
[s0.wp.com/_static/index9467.html]
[suramericanfood.files.wordpress.com/2021/02/feijoada-brasil-e150081548743175cc.jpg]
[suramericanfood.files.wordpress.com/2021/02/picanha-carne-brasil-e150076292186175cc.jpg]
[suramericanfood.files.wordpress.com/2021/02/moqueca-de-pescado-e150076683019575cc.jpg]
[suramericanfood.files.wordpress.com/2021/02/carne-acaraje-brasil75cc.jpg]
[suramericanfood.files.wordpress.com/2021/02/cosquinha-siri-brasil-e150081722441075cc.jpg]
[suramericanfood.files.wordpress.com/2021/02/pan-queso-brasil-e150082512125675cc.jpg]
[suramericanfood.files.wordpress.com/2021/02/moquecabrasila04d.jpg]
[suramericanfood.files.wordpress.com/2021/02/tender-abacaxi-farofa0353.jpg]
[suramericanfood.wordpress.com/comida-brasilena/GET]
[suramericanfood.wordpress.com/comida-brasilena/index.html]
[suramericanfood.files.wordpress.com/2021/02/receta-cazuela-de-vacuno-md-176326p2639006cc5.jpg]
[suramericanfood.files.wordpress.com/2021/02/empanada-chilena2dff.jpg]
[suramericanfood.files.wordpress.com/2021/02/7d1c3677fe2a31c43d52873aa16498136d3d.jpg]
[suramericanfood.files.wordpress.com/2021/02/choripan270b.jpg]
[suramericanfood.files.wordpress.com/2021/02/comida-chile-59dfb.jpg]
[suramericanfood.files.wordpress.com/2021/02/pan-de-pascua-1-1af90.jpg]
[suramericanfood.wordpress.com/comida-chilena/GET]
[suramericanfood.wordpress.com/comida-chilena/index.html]
[suramericanfood.wordpress.com/wp-content/js/bilmur.min4a7f.js]
[suramericanfood.files.wordpress.com/2021/02/cevichea787.jpg]
[suramericanfood.files.wordpress.com/2021/02/tamal001f.jpg]
[suramericanfood.files.wordpress.com/2021/02/chicha001f.jpg]
[suramericanfood.files.wordpress.com/2021/02/comidas-tipicas-del-ecuador_ceviche20353.jpg]
[suramericanfood.files.wordpress.com/2021/02/hornado-dish-opt75cc.jpg]
[suramericanfood.files.wordpress.com/2021/02/pristinos-600x600-1af90.jpg]
[suramericanfood.files.wordpress.com/2021/02/comidas-tipicas-del-ecuador_encocado001f.jpg]
[suramericanfood.files.wordpress.com/2021/02/74-image_webae94.jpg]
[suramericanfood.wordpress.com/comida-ecuatoriana/GET]
[suramericanfood.wordpress.com/comida-ecuatoriana/index.html]
[suramericanfood.files.wordpress.com/2021/02/rfb-2312-2-tacos-2b4ad.jpg]
[suramericanfood.files.wordpress.com/2021/02/fajitas-comida-mexicana2dff.jpg]
[suramericanfood.files.wordpress.com/2021/02/quesadillas-comida-mexicana2dff.jpg]
[suramericanfood.files.wordpress.com/2021/02/enchiladas-comida-mexicana-12dff.jpg]
[suramericanfood.files.wordpress.com/2021/02/totopos2dff.jpg]
[suramericanfood.files.wordpress.com/2021/02/ensalada-cesar-comida-mexicana2dff.jpg]
[suramericanfood.files.wordpress.com/2021/02/guacamole-comida-mexicana2dff.jpg]
[suramericanfood.files.wordpress.com/2021/02/pavo0456.jpg]
[suramericanfood.wordpress.com/comida-mexicana/GET]
[suramericanfood.wordpress.com/comida-mexicana/index.html]
[suramericanfood.files.wordpress.com/2021/02/receta-de-aji-de-gallina-655x368-1bf6b.jpg]
[suramericanfood.files.wordpress.com/2021/02/receta-de-chupe-de-camarones-1900wx500h2dff.jpg]
[suramericanfood.files.wordpress.com/2021/02/6b7f1ececf432fa862513c4a39f71047_papas_rellenas_con_dip_de_chile_serrano_1200_6002dff.jpg]
[suramericanfood.files.wordpress.com/2021/02/portada-_2_2dff.jpg]
[suramericanfood.files.wordpress.com/2021/02/maxresdefault2dff.jpg]
[suramericanfood.files.wordpress.com/2021/02/pisco_sour_20100613b6410.jpg]
[suramericanfood.files.wordpress.com/2021/02/arroz-navideno0379.jpg]
[suramericanfood.wordpress.com/comida-peruana/GET]
[suramericanfood.wordpress.com/comida-peruana/index.html]
[suramericanfood.files.wordpress.com/2021/02/tipos-de-arepa-2-22dff.jpg]
[suramericanfood.files.wordpress.com/2021/02/rfb-2409-1-pabelloncriollo-1b4ad.jpg]
[suramericanfood.files.wordpress.com/2021/02/s658502407712123204_p13_i1_w10242dff.jpg]
[suramericanfood.files.wordpress.com/2021/02/01cfd617e0fc0a9795c8314e37bf6bc47b3f.jpg]
[suramericanfood.files.wordpress.com/2021/02/recetas-navidencc83asb4ad.jpg]
[suramericanfood.files.wordpress.com/2021/02/paella-2bf83.jpg]
[suramericanfood.files.wordpress.com/2021/02/9e0177b1a76dfe1d9b804021a0f53fee001f.jpg]
[suramericanfood.files.wordpress.com/2021/02/quesillo2dff.jpg]
[suramericanfood.wordpress.com/comida-venezolana/GET]
[suramericanfood.wordpress.com/comida-venezolana/index.html]
[suramericanfood.wordpress.com/mapa-de-google/GET]
[suramericanfood.wordpress.com/mapa-de-google/index.html]
[suramericanfood.wordpress.com/tag/acompanantes/GET]
[suramericanfood.wordpress.com/tag/acompanantes/feed/index.html]
[suramericanfood.wordpress.com/2021/02/06/acompanantes/index.html]
[suramericanfood.wordpress.com/tag/acompanantes/index.html]
[suramericanfood.wordpress.com/tag/asados/GET.6d.delayed]
[suramericanfood.wordpress.com/tag/asados/feed/index.html]
[suramericanfood.wordpress.com/2021/02/05/asados/index.html]
[suramericanfood.wordpress.com/tag/asados/index.html]
[suramericanfood.wordpress.com/tag/convenio-latino/GET]
[suramericanfood.wordpress.com/tag/convenio-latino/feed/index.html]
[suramericanfood.wordpress.com/2021/02/06/convenio-latino/index.html]
[suramericanfood.wordpress.com/tag/convenio-latino/index.html]
[suramericanfood.wordpress.com/tag/criolla/GET]
[suramericanfood.wordpress.com/tag/criolla/feed/index.html]
[suramericanfood.wordpress.com/2021/02/18/criolla/index.html]
[suramericanfood.wordpress.com/tag/criolla/index.html]
[suramericanfood.wordpress.com/tag/eumerica/GET]
[suramericanfood.wordpress.com/tag/eumerica/feed/index.html]
[suramericanfood.wordpress.com/2021/02/06/eumerica/index.html]
[suramericanfood.wordpress.com/tag/eumerica/index.html]
[suramericanfood.wordpress.com/tag/guisos/GET]
[suramericanfood.wordpress.com/tag/guisos/feed/index.html]
[suramericanfood.wordpress.com/2021/02/06/guisos/index.html]
[suramericanfood.wordpress.com/tag/guisos/index.html]
[suramericanfood.wordpress.com/tag/maritima/GET]
[suramericanfood.wordpress.com/tag/maritima/feed/index.html]
[suramericanfood.wordpress.com/2021/02/06/maritima/index.html]
[suramericanfood.wordpress.com/tag/maritima/index.html]
[suramericanfood.wordpress.com/tag/navideno/GET]
[suramericanfood.wordpress.com/tag/navideno/feed/index.html]
[suramericanfood.wordpress.com/2021/02/18/navideno/index.html]
[suramericanfood.wordpress.com/tag/navideno/index.html]
[suramericanfood.wordpress.com/tag/postre/GET]
[suramericanfood.wordpress.com/tag/postre/feed/index.html]
[suramericanfood.wordpress.com/2021/02/06/postre/index.html]
[suramericanfood.wordpress.com/tag/postre/index.html]
[suramericanfood.wordpress.com/tag/vegetales/GET]
[suramericanfood.wordpress.com/tag/vegetales/feed/index.html]
[suramericanfood.wordpress.com/2021/02/06/vegetales/index.html]
[suramericanfood.wordpress.com/tag/vegetales/index.html]
[suramericanfood.wordpress.com/index9a7b.html]
[suramericanfood.wordpress.com/index5a58.html]
[suramericanfood.wordpress.com/testimonial/alicia-garrido/index9a7b.html]
[suramericanfood.wordpress.com/testimonial/alicia-garrido/index5a58.html]
[suramericanfood.wordpress.com/testimonial/armando-paredes/index9a7b.html]
[suramericanfood.wordpress.com/testimonial/armando-paredes/index5a58.html]
[suramericanfood.wordpress.com/GET.html]
[s0.wp.com/wp-content/mu-plugins/actionbar/actionbar2866.css]
[s1.wp.com/wp-content/mu-plugins/jetpack/_inc/blocks/slideshow/viewca3d.css]
[suramericanfood.wordpress.com/comida-argentina/index9a7b.html]
[suramericanfood.wordpress.com/comida-argentina/index5a58.html]
[suramericanfood.wordpress.com/comida-argentina/GET.html]
[s0.wp.com/_static/index9467.html]
[suramericanfood.wordpress.com/comida-brasilena/index9a7b.html]
[suramericanfood.wordpress.com/comida-brasilena/index5a58.html]
[suramericanfood.wordpress.com/comida-brasilena/GET.html]
[suramericanfood.wordpress.com/comida-chilena/index9a7b.html]
[suramericanfood.wordpress.com/comida-chilena/index5a58.html]
[suramericanfood.wordpress.com/comida-chilena/GET.html]
[suramericanfood.wordpress.com/comida-ecuatoriana/index9a7b.html]
[suramericanfood.wordpress.com/comida-ecuatoriana/index5a58.html]
[suramericanfood.wordpress.com/comida-ecuatoriana/GET.html]
[suramericanfood.wordpress.com/comida-mexicana/index9a7b.html]
[suramericanfood.wordpress.com/comida-mexicana/index5a58.html]
[suramericanfood.wordpress.com/comida-mexicana/GET.html]
[suramericanfood.wordpress.com/comida-peruana/index9a7b.html]
[suramericanfood.wordpress.com/comida-peruana/index5a58.html]
[suramericanfood.wordpress.com/comida-peruana/GET.html]
[suramericanfood.wordpress.com/comida-venezolana/index9a7b.html]
[suramericanfood.wordpress.com/comida-venezolana/index5a58.html]
[suramericanfood.wordpress.com/comida-venezolana/GET.html]
[suramericanfood.wordpress.com/mapa-de-google/index9a7b.html]
[suramericanfood.wordpress.com/mapa-de-google/index5a58.html]
[suramericanfood.wordpress.com/mapa-de-google/GET.html]
[s1.wp.com/_static/indexd02a.html]
[s1.wp.com/wp-content/mu-plugins/highlander-comments/style9eb5.css]
[suramericanfood.wordpress.com/2021/02/06/acompanantes/GET]
[s0.wp.com/_static/index1e4e.html]
[suramericanfood.wordpress.com/2021/02/06/acompanantes/feed/index.html]
[suramericanfood.wordpress.com/category/bienvenida/index.html]
[suramericanfood.wordpress.com/2021/02/06/acompanantes/index.html]
[suramericanfood.wordpress.com/2021/02/06/acompanantes/index9a7b.html]
[suramericanfood.wordpress.com/2021/02/06/acompanantes/index5a58.html]
[suramericanfood.wordpress.com/tag/acompanantes/GET.html]
[suramericanfood.wordpress.com/2021/02/05/asados/GET]
[suramericanfood.wordpress.com/2021/02/05/asados/feed/index.html]
[suramericanfood.wordpress.com/2021/02/06/acompanantes/amp/index.html]
[suramericanfood.wordpress.com/2021/02/05/asados/index.html]
[suramericanfood.wordpress.com/2021/02/05/asados/index9a7b.html]
[suramericanfood.wordpress.com/2021/02/05/asados/index5a58.html]
[suramericanfood.wordpress.com/tag/asados/GET.html]
[suramericanfood.wordpress.com/category/comida-argentina/index.html]
[suramericanfood.wordpress.com/2021/02/05/asados/amp/index.html]
[suramericanfood.wordpress.com/2020/12/15/example-post-3/index.html]
[suramericanfood.wordpress.com/2021/02/06/convenio-latino/GET.8f.delayed]
[suramericanfood.wordpress.com/2021/02/06/convenio-latino/feed/index.html]
[suramericanfood.wordpress.com/2021/02/06/convenio-latino/index.html]
[suramericanfood.wordpress.com/2021/02/06/convenio-latino/index9a7b.html]
[suramericanfood.wordpress.com/2021/02/06/convenio-latino/index5a58.html]
[suramericanfood.wordpress.com/tag/convenio-latino/GET.html]
[suramericanfood.wordpress.com/2021/02/06/convenio-latino/amp/index.html]
[suramericanfood.wordpress.com/2021/02/18/criolla/GET]
[suramericanfood.wordpress.com/2021/02/18/criolla/feed/index.html]
[suramericanfood.wordpress.com/2021/02/18/criolla/index.html]
[suramericanfood.wordpress.com/2021/02/18/criolla/index9a7b.html]
[suramericanfood.wordpress.com/2021/02/18/criolla/index5a58.html]
[suramericanfood.wordpress.com/tag/criolla/GET.html]
[suramericanfood.wordpress.com/2021/02/06/eumerica/GET]
[suramericanfood.wordpress.com/2021/02/06/eumerica/feed/index.html]
[suramericanfood.wordpress.com/2021/02/18/criolla/amp/index.html]
[suramericanfood.wordpress.com/2021/02/06/eumerica/index.html]
[suramericanfood.wordpress.com/2021/02/06/eumerica/index9a7b.html]
[suramericanfood.wordpress.com/2021/02/06/eumerica/index5a58.html]
[suramericanfood.wordpress.com/tag/eumerica/GET.html]
[suramericanfood.wordpress.com/2021/02/06/eumerica/amp/index.html]
[suramericanfood.wordpress.com/2021/02/06/guisos/GET]
[suramericanfood.wordpress.com/2021/02/06/guisos/feed/index.html]
[suramericanfood.wordpress.com/2021/02/06/guisos/amp/index.html]
[suramericanfood.wordpress.com/2021/02/06/guisos/index.html]
[suramericanfood.wordpress.com/2021/02/06/guisos/index9a7b.html]
[suramericanfood.wordpress.com/2021/02/06/guisos/index5a58.html]
[suramericanfood.wordpress.com/tag/guisos/GET.html]
[suramericanfood.wordpress.com/2021/02/06/maritima/GET]
[suramericanfood.wordpress.com/2021/02/06/maritima/feed/index.html]
[suramericanfood.wordpress.com/2021/02/06/maritima/index.html]
[suramericanfood.wordpress.com/2021/02/06/maritima/index9a7b.html]
[suramericanfood.wordpress.com/2021/02/06/maritima/index5a58.html]
[suramericanfood.wordpress.com/tag/maritima/GET.html]
[suramericanfood.wordpress.com/2021/02/18/navideno/GET]
[suramericanfood.wordpress.com/2021/02/18/navideno/feed/index.html]
[suramericanfood.wordpress.com/2021/02/06/maritima/amp/index.html]
[suramericanfood.wordpress.com/2021/02/18/navideno/amp/index.html]
[suramericanfood.wordpress.com/2021/02/18/navideno/index.html]
[suramericanfood.wordpress.com/2021/02/18/navideno/index9a7b.html]
[suramericanfood.wordpress.com/2021/02/18/navideno/index5a58.html]
[suramericanfood.wordpress.com/tag/navideno/GET.html]
[suramericanfood.wordpress.com/2021/02/06/postre/GET]
[suramericanfood.wordpress.com/2021/02/06/postre/feed/index.html]
[suramericanfood.wordpress.com/2021/02/06/postre/index.html]
[suramericanfood.wordpress.com/2021/02/06/postre/index9a7b.html]
[suramericanfood.wordpress.com/2021/02/06/postre/index5a58.html]
[suramericanfood.wordpress.com/tag/postre/GET.html]
[suramericanfood.wordpress.com/2021/02/06/postre/amp/index.html]
[suramericanfood.wordpress.com/2021/02/06/vegetales/GET]
[suramericanfood.wordpress.com/2021/02/06/vegetales/feed/index.html]
[suramericanfood.wordpress.com/2021/02/06/vegetales/amp/index.html]
[suramericanfood.wordpress.com/2021/02/06/vegetales/index.html]
[suramericanfood.wordpress.com/2021/02/06/vegetales/index9a7b.html]
[suramericanfood.wordpress.com/2021/02/06/vegetales/index5a58.html]
[suramericanfood.wordpress.com/tag/vegetales/GET.html]
[s1.wp.com/wp-content/mu-plugins/highlander-comments/images/button-back.gif]
[s1.wp.com/wp-content/mu-plugins/highlander-comments/images/button-back-over.gif]
[s1.wp.com/wp-content/mu-plugins/highlander-comments/images/loader.gif]
[s1.wp.com/wp-content/mu-plugins/highlander-comments/style9eb5.css]
[cdn.ampproject.org/v0.js]
[cdn.ampproject.org/v0/amp-ad-0.1.js]
[cdn.ampproject.org/v0/amp-consent-0.1.js]
[cdn.ampproject.org/v0/amp-geo-0.1.js]
[cdn.ampproject.org/v0/amp-social-share-0.1.js]
[suramericanfood.wordpress.com/wp-content/mu-plugins/social-logos/social-logosc8bb.eot]
[suramericanfood.wordpress.com/wp-content/mu-plugins/social-logos/social-logos.woff]
[suramericanfood.wordpress.com/wp-content/mu-plugins/social-logos/social-logosc8bb.ttf]
[pixel.wp.com/bde00.gif]
[pixel.wp.com/b13c2.gif]
[suramericanfood.wordpress.com/2021/02/06/acompanantes/amp/index.html]
[suramericanfood.wordpress.com/category/bienvenida/GET]
[suramericanfood.wordpress.com/category/bienvenida/feed/index.html]
[suramericanfood.wordpress.com/category/bienvenida/index.html]
[suramericanfood.wordpress.com/2021/02/06/acompanantes/GET.html]
[pixel.wp.com/b8d03.gif]
[pixel.wp.com/b1907.gif]
[suramericanfood.wordpress.com/2021/02/05/asados/amp/index.html]
[suramericanfood.wordpress.com/category/comida-argentina/GET]
[suramericanfood.wordpress.com/category/comida-argentina/feed/index.html]
[suramericanfood.wordpress.com/category/comida-argentina/index.html]
[suramericanfood.wordpress.com/2020/12/15/example-post-3/GET]
[suramericanfood.wordpress.com/2020/12/15/example-post-3/feed/index.html]
[suramericanfood.wordpress.com/2020/12/15/example-post-3/amp/index.html]
[suramericanfood.wordpress.com/2020/12/15/example-post-3/index.html]
[suramericanfood.wordpress.com/2021/02/05/asados/GET.html]
[pixel.wp.com/b3213.gif]
[suramericanfood.wordpress.com/2021/02/06/convenio-latino/amp/index.html]
[pixel.wp.com/b40c1.gif]
[suramericanfood.wordpress.com/2021/02/06/convenio-latino/GET.html]
[pixel.wp.com/b5db7.gif]
[suramericanfood.wordpress.com/2021/02/18/criolla/amp/index.html]
[pixel.wp.com/b75dc.gif]
[suramericanfood.wordpress.com/2021/02/18/criolla/GET.html]
[pixel.wp.com/b0fa8.gif]
[suramericanfood.wordpress.com/2021/02/06/eumerica/amp/index.html]
[pixel.wp.com/bdd36.gif]
[suramericanfood.wordpress.com/2021/02/06/eumerica/GET.html]
[pixel.wp.com/b8ea8.gif]
[pixel.wp.com/bf6eb.gif]
[suramericanfood.wordpress.com/2021/02/06/guisos/amp/index.html]
[suramericanfood.wordpress.com/2021/02/06/guisos/GET.html]
[pixel.wp.com/b86e2.gif]
[pixel.wp.com/be68f.gif]
[suramericanfood.wordpress.com/2021/02/06/maritima/amp/index.html]
[suramericanfood.wordpress.com/2021/02/06/maritima/GET.html]
[pixel.wp.com/bb78d.gif]
[pixel.wp.com/bc55f.gif]
[suramericanfood.wordpress.com/2021/02/18/navideno/amp/index.html]
[suramericanfood.wordpress.com/2021/02/18/navideno/GET.html]
[pixel.wp.com/bf313.gif]
[suramericanfood.wordpress.com/2021/02/06/postre/amp/index.html]
[pixel.wp.com/bf28b.gif]
[suramericanfood.wordpress.com/2021/02/06/postre/GET.html]
[pixel.wp.com/b5872.gif]
[suramericanfood.wordpress.com/2021/02/06/vegetales/amp/index.html]
[pixel.wp.com/b8965.gif]
[suramericanfood.wordpress.com/2021/02/06/vegetales/GET.html]
[s2.wp.com/wp-content/plugins/amp-2.0/assets/images/placeholder-icon.png]
[suramericanfood.wordpress.com/category/bienvenida/GET.html]
[suramericanfood.wordpress.com/category/comida-argentina/GET.html]
[pixel.wp.com/b53be.gif]
[pixel.wp.com/b83ae.gif]
[suramericanfood.wordpress.com/2020/12/15/example-post-3/amp/index.html]
[suramericanfood.wordpress.com/2020/12/15/example-post-3/GET.html]
